// Jest Snapshot v1, https://goo.gl/fbAQLP

exports[`PrismaModule should a 1`] = `
"datasource postgres {
  provider = \\"postgresql\\"
  url      = \\"postgresql://\\"
}

generator client {
  provider        = \\"prisma-client-js\\"
  previewFeatures = [\\"fullTextSearch\\", \\"fullTextIndex\\", \\"clientExtensions\\"]
}

model Customer {
  id   String @id
  name String
}
"
`;
